// Vitest Snapshot v1, https://vitest.dev/guide/snapshot.html

exports[`UserProfileCard > matches snapshot 1`] = `
<DocumentFragment>
  <article
    class="w-full h-[203px] rounded-[15px] bg-dark-blue sm:col-span-2 sm:w-3/5 sm:mx-auto lg:col-span-1 lg:w-full lg:h-[518px] lg:row-span-2"
  >
    <h2
      class="sr-only"
    >
      User Profile Card
    </h2>
    <div
      class="flex justify-center items-center h-[133px] rounded-[15px] bg-blue lg:justify-start lg:items-start lg:h-[354px] lg:pl-8 lg:pt-[37px]"
    >
      <div
        class="flex items-center gap-5 lg:flex-col lg:items-start  lg:gap-[43px]"
      >
        <img
          alt="Jeremy Robson's profile picture"
          class="border-[3px] border-solid border-white rounded-full lg:w-[78px] lg:h-[78px]"
          data-nimg="1"
          decoding="async"
          fetchpriority="high"
          height="64"
          src="/_next/image?url=%2Fimages%2Fimage-jeremy.png&w=128&q=75"
          srcset="/_next/image?url=%2Fimages%2Fimage-jeremy.png&w=64&q=75 1x, /_next/image?url=%2Fimages%2Fimage-jeremy.png&w=128&q=75 2x"
          style="color: transparent;"
          width="64"
        />
        <div
          class="flex flex-col justify-center items-start h-[50px] pr-[1px] gap-y-1 lg:justify-start lg:w-[138px] lg:h-[116px] lg:gap-y-[3px] "
        >
          <p
            class="text-report-title text-pale-blue"
          >
            Report for
          </p>
          <p
            class="text-user-name text-white"
          >
            Jeremy Robson
          </p>
        </div>
      </div>
    </div>
    <nav
      aria-label="Timeframe selection"
      class="flex items-center h-[70px] lg:flex-col lg:items-start lg:gap-y-[21px] lg:h-[164px] lg:pt-[26px] lg:pl-8 lg:pb-8"
    >
      <button
        aria-current="false"
        aria-label="View daily Report"
        class="basis-1/3 text-tab hover:text-white text-desaturated-blue"
      >
        Daily
      </button>
      <button
        aria-current="true"
        aria-label="View weekly Report"
        class="basis-1/3 text-tab hover:text-white text-white"
      >
        Weekly
      </button>
      <button
        aria-current="false"
        aria-label="View monthly Report"
        class="basis-1/3 text-tab hover:text-white text-desaturated-blue"
      >
        Monthly
      </button>
    </nav>
  </article>
</DocumentFragment>
`;
